2003.11.15 17:04 B D:\lightkiller.com\www\image\sunlight\name9.gif <-- hosting /Lightkiller/lightkiller.com/www/image/sunlight name9.gif
2003.11.15 17:04 B D:\lightkiller.com\www\image\sunlight\name8.gif <-- hosting /Lightkiller/lightkiller.com/www/image/sunlight name8.gif
2003.11.15 17:05 B D:\lightkiller.com\www\image\sunlight\name7.gif <-- hosting /Lightkiller/lightkiller.com/www/image/sunlight name7.gif
2003.11.15 17:05 B D:\lightkiller.com\www\image\sunlight\name6.gif <-- hosting /Lightkiller/lightkiller.com/www/image/sunlight name6.gif
2003.11.15 17:05 B D:\lightkiller.com\www\image\sunlight\name5.gif <-- hosting /Lightkiller/lightkiller.com/www/image/sunlight name5.gif
2003.11.15 17:05 B D:\lightkiller.com\www\image\sunlight\name4.gif <-- hosting /Lightkiller/lightkiller.com/www/image/sunlight name4.gif
2003.11.15 17:05 B D:\lightkiller.com\www\image\sunlight\name33.gif <-- hosting /Lightkiller/lightkiller.com/www/image/sunlight name33.gif
2003.11.15 17:05 B D:\lightkiller.com\www\image\sunlight\name32.gif <-- hosting /Lightkiller/lightkiller.com/www/image/sunlight name32.gif
2003.11.15 17:05 B D:\lightkiller.com\www\image\sunlight\name31.gif <-- hosting /Lightkiller/lightkiller.com/www/image/sunlight name31.gif
2003.11.15 17:05 B D:\lightkiller.com\www\image\sunlight\name3.gif <-- hosting /Lightkiller/lightkiller.com/www/image/sunlight name3.gif
2003.11.15 17:05 B D:\lightkiller.com\www\image\sunlight\name29.gif <-- hosting /Lightkiller/lightkiller.com/www/image/sunlight name29.gif
2003.11.15 17:05 B D:\lightkiller.com\www\image\sunlight\name28.gif <-- hosting /Lightkiller/lightkiller.com/www/image/sunlight name28.gif
2003.11.15 17:05 B D:\lightkiller.com\www\image\sunlight\name27.gif <-- hosting /Lightkiller/lightkiller.com/www/image/sunlight name27.gif
2003.11.15 17:05 B D:\lightkiller.com\www\image\sunlight\name26.gif <-- hosting /Lightkiller/lightkiller.com/www/image/sunlight name26.gif
2003.11.15 17:05 B D:\lightkiller.com\www\image\sunlight\name25.gif <-- hosting /Lightkiller/lightkiller.com/www/image/sunlight name25.gif
2003.11.15 17:05 B D:\lightkiller.com\www\image\sunlight\name24.gif <-- hosting /Lightkiller/lightkiller.com/www/image/sunlight name24.gif
2003.11.15 17:05 B D:\lightkiller.com\www\image\sunlight\name23.gif <-- hosting /Lightkiller/lightkiller.com/www/image/sunlight name23.gif
2003.11.15 17:05 B D:\lightkiller.com\www\image\sunlight\name22.gif <-- hosting /Lightkiller/lightkiller.com/www/image/sunlight name22.gif
2003.11.15 17:05 B D:\lightkiller.com\www\image\sunlight\name21.gif <-- hosting /Lightkiller/lightkiller.com/www/image/sunlight name21.gif
2003.11.15 17:05 B D:\lightkiller.com\www\image\sunlight\name20.gif <-- hosting /Lightkiller/lightkiller.com/www/image/sunlight name20.gif
2003.11.15 17:05 B D:\lightkiller.com\www\image\sunlight\name2.gif <-- hosting /Lightkiller/lightkiller.com/www/image/sunlight name2.gif
2003.11.15 17:05 B D:\lightkiller.com\www\image\sunlight\name19.gif <-- hosting /Lightkiller/lightkiller.com/www/image/sunlight name19.gif
2003.11.15 17:05 B D:\lightkiller.com\www\image\sunlight\name18.gif <-- hosting /Lightkiller/lightkiller.com/www/image/sunlight name18.gif
2003.11.15 17:05 B D:\lightkiller.com\www\image\sunlight\name17.gif <-- hosting /Lightkiller/lightkiller.com/www/image/sunlight name17.gif
2003.11.15 17:05 B D:\lightkiller.com\www\image\sunlight\name16.gif <-- hosting /Lightkiller/lightkiller.com/www/image/sunlight name16.gif
2003.11.15 17:05 B D:\lightkiller.com\www\image\sunlight\name15.gif <-- hosting /Lightkiller/lightkiller.com/www/image/sunlight name15.gif
2003.11.15 17:05 B D:\lightkiller.com\www\image\sunlight\name14.gif <-- hosting /Lightkiller/lightkiller.com/www/image/sunlight name14.gif
2003.11.15 17:05 B D:\lightkiller.com\www\image\sunlight\name13.gif <-- hosting /Lightkiller/lightkiller.com/www/image/sunlight name13.gif
2003.11.15 17:05 B D:\lightkiller.com\www\image\sunlight\name12.gif <-- hosting /Lightkiller/lightkiller.com/www/image/sunlight name12.gif
2003.11.15 17:05 B D:\lightkiller.com\www\image\sunlight\name11.gif <-- hosting /Lightkiller/lightkiller.com/www/image/sunlight name11.gif
2003.11.15 17:05 B D:\lightkiller.com\www\image\sunlight\name10.gif <-- hosting /Lightkiller/lightkiller.com/www/image/sunlight name10.gif
2003.11.15 17:05 B D:\lightkiller.com\www\image\sunlight\name1.gif <-- hosting /Lightkiller/lightkiller.com/www/image/sunlight name1.gif
2003.11.15 17:05 B D:\lightkiller.com\www\image\sunlight\9.jpg <-- hosting /Lightkiller/lightkiller.com/www/image/sunlight 9.jpg
2003.11.15 17:05 B D:\lightkiller.com\www\image\sunlight\4.jpg <-- hosting /Lightkiller/lightkiller.com/www/image/sunlight 4.jpg
2003.11.15 17:05 B D:\lightkiller.com\www\image\sunlight\20.jpg <-- hosting /Lightkiller/lightkiller.com/www/image/sunlight 20.jpg
2003.11.15 17:05 B D:\lightkiller.com\www\image\sunlight\19.jpg <-- hosting /Lightkiller/lightkiller.com/www/image/sunlight 19.jpg
2003.11.15 17:05 B D:\lightkiller.com\www\image\sunlight\18.jpg <-- hosting /Lightkiller/lightkiller.com/www/image/sunlight 18.jpg
2003.11.15 17:05 B D:\lightkiller.com\www\image\sunlight\1.jpg <-- hosting /Lightkiller/lightkiller.com/www/image/sunlight 1.jpg
2003.11.15 17:05 B D:\lightkiller.com\www\image\sunlight\Thumbs.db <-- hosting /Lightkiller/lightkiller.com/www/image/sunlight Thumbs.db
2003.11.15 17:06 B D:\lightkiller.com\www\image\sunlight\coming.jpg <-- hosting /Lightkiller/lightkiller.com/www/image/sunlight coming.jpg
2003.11.15 17:06 B D:\lightkiller.com\www\image\sunlight\9-big.jpg <-- hosting /Lightkiller/lightkiller.com/www/image/sunlight 9-big.jpg
2003.11.15 17:06 B D:\lightkiller.com\www\image\sunlight\4-big.jpg <-- hosting /Lightkiller/lightkiller.com/www/image/sunlight 4-big.jpg
2003.11.15 17:06 B D:\lightkiller.com\www\image\sunlight\20-big.jpg <-- hosting /Lightkiller/lightkiller.com/www/image/sunlight 20-big.jpg
2003.11.15 17:06 B D:\lightkiller.com\www\image\sunlight\19-big.jpg <-- hosting /Lightkiller/lightkiller.com/www/image/sunlight 19-big.jpg
2003.11.15 17:06 B D:\lightkiller.com\www\image\sunlight\18-big.jpg <-- hosting /Lightkiller/lightkiller.com/www/image/sunlight 18-big.jpg
2003.11.15 17:06 B D:\lightkiller.com\www\image\sunlight\1-big.jpg <-- hosting /Lightkiller/lightkiller.com/www/image/sunlight 1-big.jpg
2003.11.19 10:21 B D:\lightkiller.com\www\image\sunlight\10.jpg --> ftp.lightkiller.com /Lightkiller/lightkiller.com/www/image/sunlight 10.jpg
2003.11.19 10:21 B D:\lightkiller.com\www\image\sunlight\16.jpg --> ftp.lightkiller.com /Lightkiller/lightkiller.com/www/image/sunlight 16.jpg
2003.11.19 10:24 B D:\lightkiller.com\www\image\sunlight\21.jpg --> ftp.lightkiller.com /Lightkiller/lightkiller.com/www/image/sunlight 21.jpg
2003.11.19 10:25 B D:\lightkiller.com\www\image\sunlight\22.jpg --> ftp.lightkiller.com /Lightkiller/lightkiller.com/www/image/sunlight 22.jpg
2003.11.19 10:26 B D:\lightkiller.com\www\image\sunlight\25.jpg --> ftp.lightkiller.com /Lightkiller/lightkiller.com/www/image/sunlight 25.jpg
2003.11.19 10:26 B D:\lightkiller.com\www\image\sunlight\3.jpg --> ftp.lightkiller.com /Lightkiller/lightkiller.com/www/image/sunlight 3.jpg
2003.11.19 10:31 B D:\lightkiller.com\www\image\sunlight\5.jpg --> ftp.lightkiller.com /Lightkiller/lightkiller.com/www/image/sunlight 5.jpg
2003.11.19 10:32 B D:\lightkiller.com\www\image\sunlight\6.jpg --> ftp.lightkiller.com /Lightkiller/lightkiller.com/www/image/sunlight 6.jpg
2003.11.19 10:32 B D:\lightkiller.com\www\image\sunlight\7.jpg --> ftp.lightkiller.com /Lightkiller/lightkiller.com/www/image/sunlight 7.jpg
2003.11.19 10:32 B D:\lightkiller.com\www\image\sunlight\8.jpg --> ftp.lightkiller.com /Lightkiller/lightkiller.com/www/image/sunlight 8.jpg
2003.11.19 11:03 B D:\lightkiller.com\www\image\sunlight\16.jpg --> ftp.lightkiller.com /Lightkiller/lightkiller.com/www/image/sunlight 16.jpg
2003.11.20 05:01 B D:\lightkiller.com\www\image\sunlight\10.jpg <-- hosting /Lightkiller/lightkiller.com/www/image/sunlight 10.jpg
2003.11.20 05:01 B D:\lightkiller.com\www\image\sunlight\21.jpg <-- hosting /Lightkiller/lightkiller.com/www/image/sunlight 21.jpg
2003.11.20 05:01 B D:\lightkiller.com\www\image\sunlight\22.jpg <-- hosting /Lightkiller/lightkiller.com/www/image/sunlight 22.jpg
2003.11.20 05:01 B D:\lightkiller.com\www\image\sunlight\3.jpg <-- hosting /Lightkiller/lightkiller.com/www/image/sunlight 3.jpg
2003.11.20 05:01 B D:\lightkiller.com\www\image\sunlight\6.jpg <-- hosting /Lightkiller/lightkiller.com/www/image/sunlight 6.jpg
2003.11.20 05:01 B D:\lightkiller.com\www\image\sunlight\7.jpg <-- hosting /Lightkiller/lightkiller.com/www/image/sunlight 7.jpg
2003.11.20 05:01 B D:\lightkiller.com\www\image\sunlight\8.jpg <-- hosting /Lightkiller/lightkiller.com/www/image/sunlight 8.jpg
2003.11.25 14:52 B D:\lightkiller.com\www\image\sunlight\11.jpg --> ftp.lightkiller.com /Lightkiller/lightkiller.com/www/image/sunlight 11.jpg
2003.11.25 14:52 B D:\lightkiller.com\www\image\sunlight\12.jpg --> ftp.lightkiller.com /Lightkiller/lightkiller.com/www/image/sunlight 12.jpg
2003.11.25 14:52 B D:\lightkiller.com\www\image\sunlight\13.jpg --> ftp.lightkiller.com /Lightkiller/lightkiller.com/www/image/sunlight 13.jpg
2003.11.25 14:52 B D:\lightkiller.com\www\image\sunlight\14.jpg --> ftp.lightkiller.com /Lightkiller/lightkiller.com/www/image/sunlight 14.jpg
2003.11.25 14:53 B D:\lightkiller.com\www\image\sunlight\16.jpg --> ftp.lightkiller.com /Lightkiller/lightkiller.com/www/image/sunlight 16.jpg
2003.11.25 14:53 B D:\lightkiller.com\www\image\sunlight\2.JPG --> ftp.lightkiller.com /Lightkiller/lightkiller.com/www/image/sunlight 2.JPG
2003.11.25 14:53 B D:\lightkiller.com\www\image\sunlight\24.jpg --> ftp.lightkiller.com /Lightkiller/lightkiller.com/www/image/sunlight 24.jpg
2003.11.25 14:53 B D:\lightkiller.com\www\image\sunlight\25.jpg --> ftp.lightkiller.com /Lightkiller/lightkiller.com/www/image/sunlight 25.jpg
2003.11.25 14:53 B D:\lightkiller.com\www\image\sunlight\26.jpg --> ftp.lightkiller.com /Lightkiller/lightkiller.com/www/image/sunlight 26.jpg
2003.11.25 14:53 B D:\lightkiller.com\www\image\sunlight\27.jpg --> ftp.lightkiller.com /Lightkiller/lightkiller.com/www/image/sunlight 27.jpg
2003.11.25 14:54 B D:\lightkiller.com\www\image\sunlight\28.jpg --> ftp.lightkiller.com /Lightkiller/lightkiller.com/www/image/sunlight 28.jpg
2003.11.25 14:54 B D:\lightkiller.com\www\image\sunlight\5.jpg --> ftp.lightkiller.com /Lightkiller/lightkiller.com/www/image/sunlight 5.jpg
2003.11.25 14:55 B D:\lightkiller.com\www\image\sunlight\Thumbs.db --> ftp.lightkiller.com /Lightkiller/lightkiller.com/www/image/sunlight Thumbs.db
